// Jest Snapshot v1, https://goo.gl/fbAQLP

exports[`home.js renders components panel 1`] = `
<localdevserver-home>
  #shadow-root(open)
    <main>
      <localdevserver-layout-section
        class="main-content"
      >
        #shadow-root(open)
          <slot />
        <div
          class="slds-grid slds-gutters slds-gutters_x-small slds-wrap slds-grid_vertical-stretch"
        >
          <div
            class="slds-col slds-size_1-of-1 slds-medium-size_2-of-3 slds-large-size_9-of-12"
          >
            <localdevserver-components-panel>
              #shadow-root(open)
                <section
                  class="components-panel slds-card slds-grid slds-grid_vertical"
                >
                  <div
                    class="header slds-grid slds-grid_align-spread slds-grid_vertical-align-center"
                  >
                    <header
                      class="project-name"
                    >
                      <h2
                        class="project-name-text slds-card__header-title slds-truncate slds-text-heading_medium"
                      />
                    </header>
                    <div
                      class="flexi-space slds-grow"
                    />
                    <div
                      class="search slds-grow"
                    >
                      <div
                        class="slds-form-element"
                      >
                        <label
                          class="slds-form-element__label slds-no-flex slds-assistive-text"
                          for="input-3"
                        >
                          Search for a component
                        </label>
                        <div
                          class="slds-form-element__control slds-input-has-icon slds-input-has-icon_left-right"
                        >
                          <svg
                            aria-hidden="true"
                            class="search-icon slds-icon slds-input__icon slds-input__icon_left slds-icon-text-default slds-icon_medium"
                          >
                            <use
                              xlink:href="/assets/icons/utility-sprite/svg/symbols.svg#search"
                            />
                          </svg>
                          <input
                            class="slds-input search-input"
                            disabled=""
                            id="input-3"
                            placeholder="Search for a component..."
                            type="search"
                          />
                        </div>
                      </div>
                    </div>
                  </div>
                  <div
                    class="components-body slds-grid slds-grow"
                  >
                    <div
                      class="packages-list slds-grow"
                    >
                      <lightning-vertical-navigation>
                        #shadow-root(open)
                          <slot />
                        <lightning-vertical-navigation-section>
                          #shadow-root(open)
                            <slot />
                        </lightning-vertical-navigation-section>
                      </lightning-vertical-navigation>
                    </div>
                    <div
                      class="slds-grow slds-grid slds-grid_vertical-align-center slds-grid_align-center"
                    >
                      <div
                        class="slds-illustration slds-illustration_large"
                      >
                        <img
                          alt=""
                          class="slds-illustration__svg"
                          src="/assets/images/empty-state.svg"
                        />
                        <div
                          class="slds-text-longform"
                        >
                          <h3
                            class="slds-text-heading_medium"
                          >
                            No components
                          </h3>
                          <p
                            class="slds-text-body_regular"
                          >
                            After you start creating components,
                            <br />
                            you'll find them here.
                            <br />
                            <a
                              href="https://developer.salesforce.com/docs/component-library/documentation/lwc"
                            >
                              Get to Know Lightning Web Components
                            </a>
                          </p>
                        </div>
                      </div>
                    </div>
                  </div>
                </section>
            </localdevserver-components-panel>
          </div>
          <div
            class="slds-col slds-size_1-of-1 slds-medium-size_1-of-3 slds-large-size_3-of-12"
          >
            <localdevserver-resources-panel>
              #shadow-root(open)
                <section
                  class="resources-panel slds-card"
                >
                  <div
                    class="header slds-grid slds-p-vertical_x-large slds-p-horizontal_large"
                  >
                    <header>
                      <h2
                        class="heading-text slds-card__header-title slds-truncate slds-text-heading_medium"
                      >
                        Resources
                      </h2>
                    </header>
                  </div>
                  <div
                    class="components-body slds-p-horizontal_large"
                  >
                    <div
                      class="resource slds-m-vertical_x-large slds-grid"
                    >
                      <div
                        class="slds-m-right_large"
                      >
                        <lightning-icon>
                          #shadow-root(open)
                        </lightning-icon>
                      </div>
                      <div>
                        <h3
                          class="resource-heading slds-text-body_regular slds-m-bottom_xx-small"
                        >
                          Component Library
                        </h3>
                        <p
                          class="slds-p-right_medium"
                        >
                          The Component Library is the Lightning Components developer reference. Rapidly develop apps with our building blocks.
                        </p>
                        <a
                          class="slds-button slds-button_neutral resource-button slds-m-top_medium"
                          href="https://developer.salesforce.com/docs/component-library"
                        >
                          More Info
                        </a>
                      </div>
                    </div>
                    <div
                      class="resource slds-m-vertical_x-large slds-grid"
                    >
                      <div
                        class="slds-m-right_large"
                      >
                        <lightning-icon>
                          #shadow-root(open)
                        </lightning-icon>
                      </div>
                      <div>
                        <h3
                          class="resource-heading slds-text-body_regular slds-m-bottom_xx-small"
                        >
                          VS Code Extensions
                        </h3>
                        <p
                          class="slds-p-right_medium"
                        >
                          This extension pack includes tools for development on the Salesforce platform in the lightweight, extensible VS Code editor.
                        </p>
                        <a
                          class="slds-button slds-button_neutral resource-button slds-m-top_medium"
                          href="https://forcedotcom.github.io/salesforcedx-vscode"
                        >
                          More Info
                        </a>
                      </div>
                    </div>
                    <div
                      class="resource slds-m-vertical_x-large slds-grid"
                    >
                      <div
                        class="slds-m-right_large"
                      >
                        <lightning-icon>
                          #shadow-root(open)
                        </lightning-icon>
                      </div>
                      <div>
                        <h3
                          class="resource-heading slds-text-body_regular slds-m-bottom_xx-small"
                        >
                          Issues and Feedback
                        </h3>
                        <p
                          class="slds-p-right_medium"
                        >
                          Visit the Github Repository to submit issues and feedback.
                        </p>
                        <a
                          class="slds-button slds-button_neutral resource-button slds-m-top_medium"
                          href="https://github.com/forcedotcom/lwc-dev-server"
                        >
                          Go to GitHub
                        </a>
                      </div>
                    </div>
                  </div>
                </section>
            </localdevserver-resources-panel>
          </div>
        </div>
      </localdevserver-layout-section>
    </main>
</localdevserver-home>
`;
